
  You can now view your Streamlit app in your browser.

  Local URL: http://localhost:8501
  Network URL: http://192.168.1.17:8501
  External URL: http://35.147.24.143:8501

C:\Users\cvmpr\OneDrive\Desktop\PythonScripts\ParkinsonsPrediction\features.py:56: FutureWarning: DataFrameGroupBy.apply operated on the grouping columns. This behavior is deprecated, and in a future version of pandas the grouping columns will be excluded from the operation. Either pass `include_groups=False` to exclude the groupings or explicitly select the grouping columns after groupby to silence this warning.
  out = df.groupby(group_cols, group_keys=False).apply(engineer_kinematics)
C:\Users\cvmpr\OneDrive\Desktop\PythonScripts\ParkinsonsPrediction\features.py:56: FutureWarning: DataFrameGroupBy.apply operated on the grouping columns. This behavior is deprecated, and in a future version of pandas the grouping columns will be excluded from the operation. Either pass `include_groups=False` to exclude the groupings or explicitly select the grouping columns after groupby to silence this warning.
  out = df.groupby(group_cols, group_keys=False).apply(engineer_kinematics)
C:\Users\cvmpr\OneDrive\Desktop\PythonScripts\ParkinsonsPrediction\features.py:56: FutureWarning: DataFrameGroupBy.apply operated on the grouping columns. This behavior is deprecated, and in a future version of pandas the grouping columns will be excluded from the operation. Either pass `include_groups=False` to exclude the groupings or explicitly select the grouping columns after groupby to silence this warning.
  out = df.groupby(group_cols, group_keys=False).apply(engineer_kinematics)
C:\Users\cvmpr\OneDrive\Desktop\PythonScripts\ParkinsonsPrediction\features.py:56: FutureWarning: DataFrameGroupBy.apply operated on the grouping columns. This behavior is deprecated, and in a future version of pandas the grouping columns will be excluded from the operation. Either pass `include_groups=False` to exclude the groupings or explicitly select the grouping columns after groupby to silence this warning.
  out = df.groupby(group_cols, group_keys=False).apply(engineer_kinematics)
C:\Users\cvmpr\OneDrive\Desktop\PythonScripts\ParkinsonsPrediction\features.py:56: FutureWarning: DataFrameGroupBy.apply operated on the grouping columns. This behavior is deprecated, and in a future version of pandas the grouping columns will be excluded from the operation. Either pass `include_groups=False` to exclude the groupings or explicitly select the grouping columns after groupby to silence this warning.
  out = df.groupby(group_cols, group_keys=False).apply(engineer_kinematics)
C:\Users\cvmpr\OneDrive\Desktop\PythonScripts\ParkinsonsPrediction\features.py:56: FutureWarning: DataFrameGroupBy.apply operated on the grouping columns. This behavior is deprecated, and in a future version of pandas the grouping columns will be excluded from the operation. Either pass `include_groups=False` to exclude the groupings or explicitly select the grouping columns after groupby to silence this warning.
  out = df.groupby(group_cols, group_keys=False).apply(engineer_kinematics)
C:\Users\cvmpr\OneDrive\Desktop\PythonScripts\ParkinsonsPrediction\features.py:56: FutureWarning: DataFrameGroupBy.apply operated on the grouping columns. This behavior is deprecated, and in a future version of pandas the grouping columns will be excluded from the operation. Either pass `include_groups=False` to exclude the groupings or explicitly select the grouping columns after groupby to silence this warning.
  out = df.groupby(group_cols, group_keys=False).apply(engineer_kinematics)
C:\Users\cvmpr\OneDrive\Desktop\PythonScripts\ParkinsonsPrediction\features.py:56: FutureWarning: DataFrameGroupBy.apply operated on the grouping columns. This behavior is deprecated, and in a future version of pandas the grouping columns will be excluded from the operation. Either pass `include_groups=False` to exclude the groupings or explicitly select the grouping columns after groupby to silence this warning.
  out = df.groupby(group_cols, group_keys=False).apply(engineer_kinematics)
C:\Users\cvmpr\OneDrive\Desktop\PythonScripts\ParkinsonsPrediction\features.py:56: FutureWarning: DataFrameGroupBy.apply operated on the grouping columns. This behavior is deprecated, and in a future version of pandas the grouping columns will be excluded from the operation. Either pass `include_groups=False` to exclude the groupings or explicitly select the grouping columns after groupby to silence this warning.
  out = df.groupby(group_cols, group_keys=False).apply(engineer_kinematics)
C:\Users\cvmpr\OneDrive\Desktop\PythonScripts\ParkinsonsPrediction\features.py:56: FutureWarning: DataFrameGroupBy.apply operated on the grouping columns. This behavior is deprecated, and in a future version of pandas the grouping columns will be excluded from the operation. Either pass `include_groups=False` to exclude the groupings or explicitly select the grouping columns after groupby to silence this warning.
  out = df.groupby(group_cols, group_keys=False).apply(engineer_kinematics)
C:\Users\cvmpr\OneDrive\Desktop\PythonScripts\ParkinsonsPrediction\features.py:56: FutureWarning: DataFrameGroupBy.apply operated on the grouping columns. This behavior is deprecated, and in a future version of pandas the grouping columns will be excluded from the operation. Either pass `include_groups=False` to exclude the groupings or explicitly select the grouping columns after groupby to silence this warning.
  out = df.groupby(group_cols, group_keys=False).apply(engineer_kinematics)
C:\Users\cvmpr\OneDrive\Desktop\PythonScripts\ParkinsonsPrediction\features.py:56: FutureWarning: DataFrameGroupBy.apply operated on the grouping columns. This behavior is deprecated, and in a future version of pandas the grouping columns will be excluded from the operation. Either pass `include_groups=False` to exclude the groupings or explicitly select the grouping columns after groupby to silence this warning.
  out = df.groupby(group_cols, group_keys=False).apply(engineer_kinematics)
C:\Users\cvmpr\OneDrive\Desktop\PythonScripts\ParkinsonsPrediction\features.py:56: FutureWarning: DataFrameGroupBy.apply operated on the grouping columns. This behavior is deprecated, and in a future version of pandas the grouping columns will be excluded from the operation. Either pass `include_groups=False` to exclude the groupings or explicitly select the grouping columns after groupby to silence this warning.
  out = df.groupby(group_cols, group_keys=False).apply(engineer_kinematics)
C:\Users\cvmpr\OneDrive\Desktop\PythonScripts\ParkinsonsPrediction\features.py:56: FutureWarning: DataFrameGroupBy.apply operated on the grouping columns. This behavior is deprecated, and in a future version of pandas the grouping columns will be excluded from the operation. Either pass `include_groups=False` to exclude the groupings or explicitly select the grouping columns after groupby to silence this warning.
  out = df.groupby(group_cols, group_keys=False).apply(engineer_kinematics)
C:\Users\cvmpr\OneDrive\Desktop\PythonScripts\ParkinsonsPrediction\features.py:56: FutureWarning: DataFrameGroupBy.apply operated on the grouping columns. This behavior is deprecated, and in a future version of pandas the grouping columns will be excluded from the operation. Either pass `include_groups=False` to exclude the groupings or explicitly select the grouping columns after groupby to silence this warning.
  out = df.groupby(group_cols, group_keys=False).apply(engineer_kinematics)
